
> rquant-web@0.0.0 verify:dist /Users/roxor/brain/30-projects/rQuant/.worktrees/cdx-research-sdk/web
> node scripts/verify-dist.mjs

vite v8.3.1 building client environment for production...
transforming...
✓ 2397 modules transformed.
rendering chunks...
dist/index.html                                                        1.69 kB
dist/assets/OFL-BhJ6fBOA.txt                                           6.54 kB
dist/assets/ibm-plex-mono-latin-400-normal-DMJ8VG8y.woff2             14.70 kB
dist/assets/ibm-plex-mono-latin-500-normal-DSY6xOcd.woff2             14.88 kB
dist/assets/ibm-plex-sans-condensed-latin-600-normal-CRd5VyFf.woff2   19.81 kB
dist/assets/ibm-plex-sans-condensed-latin-500-normal-BqaLkUoX.woff2   19.95 kB
dist/assets/overview-_vEy8A42.css                                      0.09 kB
dist/assets/strategies-B5T3PUXU.css                                    0.36 kB
dist/assets/experiments-CLhbOD7L.css                                   1.69 kB
dist/assets/backtest-BcSFKe0i.css                                      1.88 kB
dist/assets/query-4b52v_nq.css                                         2.30 kB
dist/assets/monitor-D7VKe316.css                                       3.74 kB
dist/assets/paper-BZYKA4Aq.css                                         3.87 kB
dist/assets/tasks-DWplMdYn.css                                         4.53 kB
dist/assets/factors-B8dCLPPB.css                                       7.92 kB
dist/assets/pools-faqgAOgx.css                                        13.16 kB
dist/assets/screener-WVMsXFOZ.css                                     15.18 kB
dist/assets/datacenter-2vkktn5o.css                                   15.34 kB
dist/assets/index-DeuUOAxc.css                                        29.27 kB
dist/assets/omit-CM_Et8lu.js                                           0.11 kB
dist/assets/color-Cv3IYI4H.js                                          0.13 kB
dist/assets/Pill-D0gvSNJd.js                                           0.24 kB
dist/assets/Segmented-oknVAguZ.js                                      0.31 kB
dist/assets/ChangeText-CKSnlzOs.js                                     0.31 kB
dist/assets/Panel-C_4XV7BQ.js                                          0.48 kB
dist/assets/SearchInput-0Ar7VSnA.js                                    0.52 kB
dist/assets/StockCell-BEQq07Cp.js                                      0.53 kB
dist/assets/KpiStrip-C9iONzHz.js                                       0.64 kB
dist/assets/ReportsPage-D_JvNkea.js                                    0.85 kB
dist/assets/useMeta-KqkeJbaz.js                                        0.95 kB
dist/assets/classPrivateFieldSet2-Ca_2-qVK.js                          1.11 kB
dist/assets/AlertAcknowledgment-Cq5c5hO7.js                            1.28 kB
dist/assets/StatusBadge-BuR5b81b.js                                    1.81 kB
dist/assets/tokens-aBUwXuPA.js                                         2.05 kB
dist/assets/ConfirmDialog-l3BKQSbA.js                                  2.71 kB
dist/assets/strategies-BrmUk1_C.js                                     3.43 kB
dist/assets/ReportPage-CdUAsaRY.js                                     3.45 kB
dist/assets/LicensesPage-J0M1AjDF.js                                   3.49 kB
dist/assets/react-dom-DFcZGaq7.js                                      3.86 kB
dist/assets/CloseOutlined-BkwEDDMF.js                                  6.05 kB
dist/assets/screen-D-0iD-8o.js                                         6.54 kB
dist/assets/experiments-DzPb5Ss2.js                                    7.25 kB
dist/assets/health-nXfph2R0.js                                         7.27 kB
dist/assets/endpoints-Dpq8Z5I-.js                                      7.29 kB
dist/assets/reports-Cmm0wuUy.js                                        8.52 kB
dist/assets/PageHeader-CPbVu2Uo.js                                     9.26 kB
dist/assets/overview-iykRuTDR.js                                       9.46 kB
dist/assets/backtest-C2v9u-_4.js                                      11.21 kB
dist/assets/paper-C8-mCKQb.js                                         11.88 kB
dist/assets/query-DHUmvNR7.js                                         12.29 kB
dist/assets/Drawer-CjqJHb_f.js                                        15.06 kB
dist/assets/context-DfGxclov.js                                       15.69 kB
dist/assets/monitor-BTetq-0e.js                                       23.13 kB
dist/assets/tasks-DtElhna1.js                                         29.25 kB
dist/assets/Tabs-CypjHzIV.js                                          35.61 kB
dist/assets/datacenter-DukQgAtq.js                                    56.44 kB
dist/assets/PurePanel-s7P1e6Nk.js                                     63.26 kB
dist/assets/screener-Da5F44kW.js                                      73.84 kB
dist/assets/DataTable-B1cAE10v.js                                     75.37 kB
dist/assets/lib-CXHRsyda.js                                           97.16 kB
dist/assets/factors-CIKKu14R.js                                      104.52 kB
dist/assets/pools-Br13wvK5.js                                        120.11 kB
dist/assets/panorama-DWyF1Z_M.js                                     144.56 kB
dist/assets/index-DQYoJq6S.js                                        359.07 kB
dist/assets/useServingQuery-DrHFRKye.js                              416.49 kB
dist/assets/options-Brs-0tOy.js                                      642.68 kB

✓ built in 203ms
首屏   132.6 KB  assets/useServingQuery-DrHFRKye.js
首屏   112.3 KB  assets/index-DQYoJq6S.js
首屏    30.8 KB  assets/lib-CXHRsyda.js
首屏    19.6 KB  assets/PurePanel-s7P1e6Nk.js
首屏     6.5 KB  assets/index-DeuUOAxc.css
首屏     5.6 KB  assets/Drawer-CjqJHb_f.js
首屏     5.6 KB  assets/context-DfGxclov.js
首屏     3.4 KB  assets/PageHeader-CPbVu2Uo.js
首屏     2.6 KB  assets/CloseOutlined-BkwEDDMF.js
首屏     2.1 KB  assets/endpoints-Dpq8Z5I-.js
首屏     1.4 KB  assets/react-dom-DFcZGaq7.js
首屏     1.0 KB  assets/tokens-aBUwXuPA.js
首屏     0.5 KB  assets/useMeta-KqkeJbaz.js
首屏     0.5 KB  assets/classPrivateFieldSet2-Ca_2-qVK.js
首屏     0.2 KB  assets/Pill-D0gvSNJd.js
首屏     0.1 KB  assets/omit-CM_Et8lu.js
按需   206.8 KB  assets/options-Brs-0tOy.js
按需    43.4 KB  assets/panorama-DWyF1Z_M.js
按需    34.1 KB  assets/pools-Br13wvK5.js
按需    27.2 KB  assets/factors-CIKKu14R.js
按需    20.9 KB  assets/screener-Da5F44kW.js
按需    20.0 KB  assets/DataTable-B1cAE10v.js
按需    15.4 KB  assets/datacenter-DukQgAtq.js
按需    10.8 KB  assets/Tabs-CypjHzIV.js
按需     8.5 KB  assets/tasks-DtElhna1.js
按需     7.4 KB  assets/monitor-BTetq-0e.js
按需     4.6 KB  assets/query-DHUmvNR7.js
按需     3.7 KB  assets/backtest-C2v9u-_4.js
按需     3.6 KB  assets/paper-C8-mCKQb.js
按需     3.6 KB  assets/overview-iykRuTDR.js
按需     3.6 KB  assets/reports-Cmm0wuUy.js
按需     3.1 KB  assets/datacenter-2vkktn5o.css
按需     2.9 KB  assets/screener-WVMsXFOZ.css
按需     2.7 KB  assets/experiments-DzPb5Ss2.js
按需     2.6 KB  assets/health-nXfph2R0.js
按需     2.6 KB  assets/pools-faqgAOgx.css
按需     2.1 KB  assets/screen-D-0iD-8o.js
按需     1.7 KB  assets/factors-B8dCLPPB.css
按需     1.6 KB  assets/LicensesPage-J0M1AjDF.js
按需     1.5 KB  assets/ReportPage-CdUAsaRY.js
按需     1.5 KB  assets/strategies-BrmUk1_C.js
按需     1.4 KB  assets/ConfirmDialog-l3BKQSbA.js
按需     1.3 KB  assets/tasks-DWplMdYn.css
按需     1.1 KB  assets/paper-BZYKA4Aq.css
按需     1.0 KB  assets/monitor-D7VKe316.css
按需     0.8 KB  assets/query-4b52v_nq.css
按需     0.8 KB  assets/AlertAcknowledgment-Cq5c5hO7.js
按需     0.6 KB  assets/backtest-BcSFKe0i.css
按需     0.6 KB  assets/StatusBadge-BuR5b81b.js
按需     0.6 KB  assets/experiments-CLhbOD7L.css
按需     0.5 KB  assets/ReportsPage-D_JvNkea.js
按需     0.4 KB  assets/SearchInput-0Ar7VSnA.js
按需     0.3 KB  assets/KpiStrip-C9iONzHz.js
按需     0.3 KB  assets/StockCell-BEQq07Cp.js
按需     0.3 KB  assets/Panel-C_4XV7BQ.js
按需     0.2 KB  assets/ChangeText-CKSnlzOs.js
按需     0.2 KB  assets/Segmented-oknVAguZ.js
按需     0.2 KB  assets/strategies-B5T3PUXU.css
按需     0.1 KB  assets/color-Cv3IYI4H.js
按需     0.1 KB  assets/overview-_vEy8A42.css
首屏合计（gzip）: 325.0 KB / 上限 550.0 KB；按需加载合计 446.9 KB
verify-dist: web/dist is up to date
