
> rquant-web@0.0.0 size /Users/roxor/brain/30-projects/rQuant/.worktrees/cdx-research-sdk/web
> node scripts/check-size.mjs

首屏   132.6 KB  assets/useServingQuery-DrHFRKye.js
首屏   112.3 KB  assets/index-B_Lnw_Ry.js
首屏    30.8 KB  assets/lib-CXHRsyda.js
首屏    19.6 KB  assets/PurePanel-s7P1e6Nk.js
首屏     6.5 KB  assets/index-DeuUOAxc.css
首屏     5.6 KB  assets/Drawer-CjqJHb_f.js
首屏     5.6 KB  assets/context-DfGxclov.js
首屏     3.4 KB  assets/PageHeader-CPbVu2Uo.js
首屏     2.6 KB  assets/CloseOutlined-BkwEDDMF.js
首屏     2.1 KB  assets/endpoints-Dpq8Z5I-.js
首屏     1.4 KB  assets/react-dom-DFcZGaq7.js
首屏     1.0 KB  assets/tokens-aBUwXuPA.js
首屏     0.5 KB  assets/useMeta-KqkeJbaz.js
首屏     0.5 KB  assets/classPrivateFieldSet2-Ca_2-qVK.js
首屏     0.2 KB  assets/Pill-D0gvSNJd.js
首屏     0.1 KB  assets/omit-CM_Et8lu.js
按需   206.8 KB  assets/options-Brs-0tOy.js
按需    43.4 KB  assets/panorama-DcXHGnjp.js
按需    34.1 KB  assets/pools-r5NMV2Sp.js
按需    27.2 KB  assets/factors-Dlqq3YsB.js
按需    20.9 KB  assets/screener-CQ2QCPS_.js
按需    20.0 KB  assets/DataTable-B1cAE10v.js
按需    15.4 KB  assets/datacenter-BmRA8qxi.js
按需    10.8 KB  assets/Tabs-B1TrLEUl.js
按需     8.5 KB  assets/tasks-Dvkgzr_I.js
按需     7.4 KB  assets/monitor-CibIsINH.js
按需     4.6 KB  assets/query-C5lC4kt2.js
按需     3.7 KB  assets/backtest-94ygIslg.js
按需     3.6 KB  assets/paper-BUYbliSx.js
按需     3.6 KB  assets/overview-zUgHKelP.js
按需     3.6 KB  assets/reports-Cmm0wuUy.js
按需     3.1 KB  assets/datacenter-2vkktn5o.css
按需     2.9 KB  assets/screener-WVMsXFOZ.css
按需     2.7 KB  assets/experiments-BNYhcQF7.js
按需     2.6 KB  assets/health-Dpvnnb1L.js
按需     2.6 KB  assets/pools-faqgAOgx.css
按需     2.1 KB  assets/screen-D-0iD-8o.js
按需     1.7 KB  assets/factors-B8dCLPPB.css
按需     1.6 KB  assets/LicensesPage-J0M1AjDF.js
按需     1.5 KB  assets/ReportPage-tkIOTo3u.js
按需     1.5 KB  assets/strategies-ejlsACKI.js
按需     1.4 KB  assets/ConfirmDialog-l3BKQSbA.js
按需     1.3 KB  assets/tasks-DWplMdYn.css
按需     1.1 KB  assets/paper-BZYKA4Aq.css
按需     1.0 KB  assets/monitor-D7VKe316.css
按需     0.8 KB  assets/query-4b52v_nq.css
按需     0.7 KB  assets/AlertAcknowledgment--RhM6ed3.js
按需     0.6 KB  assets/backtest-BcSFKe0i.css
按需     0.6 KB  assets/StatusBadge-BuR5b81b.js
按需     0.6 KB  assets/experiments-CLhbOD7L.css
按需     0.5 KB  assets/ReportsPage-D_JvNkea.js
按需     0.4 KB  assets/SearchInput-0Ar7VSnA.js
按需     0.3 KB  assets/KpiStrip-C9iONzHz.js
按需     0.3 KB  assets/StockCell-BEQq07Cp.js
按需     0.3 KB  assets/Panel-C_4XV7BQ.js
按需     0.2 KB  assets/ChangeText-CKSnlzOs.js
按需     0.2 KB  assets/Segmented-oknVAguZ.js
按需     0.2 KB  assets/strategies-B5T3PUXU.css
按需     0.1 KB  assets/color-Cv3IYI4H.js
按需     0.1 KB  assets/overview-_vEy8A42.css
首屏合计（gzip）: 325.0 KB / 上限 550.0 KB；按需加载合计 446.9 KB
