src/api/researchQuery.ts:85:5 lint/style/useTemplate  FIXABLE  ━━━━━━━━━━━━━━━━━━━━━━━━━━━━━━━━━━━━━

  i Template literals are preferred over string concatenation.
  
    83 │ export function queryResultCsv(result: QueryResult): string {
    84 │   return (
  > 85 │     [
       │     ^
  > 86 │       result.columns.map((column) => csvCell(column.name)).join(","),
  > 87 │       ...result.rows.map((row) => row.map(csvCell).join(",")),
  > 88 │     ].join("\r\n") + "\r\n"
       │     ^^^^^^^^^^^^^^^^^^^^^^^
    89 │   );
    90 │ }
  
  i Unsafe fix: Use a template literal.
  
     83  83 │   export function queryResultCsv(result: QueryResult): string {
     84  84 │     return (
     85     │ - ····[
         85 │ + ····`${[
     86  86 │         result.columns.map((column) => csvCell(column.name)).join(","),
     87  87 │         ...result.rows.map((row) => row.map(csvCell).join(",")),
     88     │ - ····].join("\r\n")·+·"\r\n"
         88 │ + ····].join("\r\n")}\r\n`
     89  89 │     );
     90  90 │   }
  

src/pages/query/index.tsx:343:46 lint/a11y/noNoninteractiveTabindex  FIXABLE  ━━━━━━━━━━━━━━━━━━━━━━

  × The HTML element span is non-interactive. Do not use tabIndex.
  
    341 │             actions={
    342 │               <Tip content="只接受一条 SELECT 或 WITH。最多 30 秒、10,000 行、16 MiB。Ctrl / ⌘ + Enter 运行。">
  > 343 │                 <span className="query-help" tabIndex={0}>
        │                                              ^^^^^^^^^^^^
    344 │                   只读查询
    345 │                 </span>
  
  i Adding non-interactive elements to the keyboard navigation flow can confuse users.
  
  i Unsafe fix: Remove the tabIndex attribute.
  
    343 │ ················<span·className="query-help"·tabIndex={0}>
        │                                              ------------ 

Skipped 3 suggested fixes.
If you wish to apply the suggested (unsafe) fixes, use the command biome check --write --unsafe

Checked 8 files in 18ms. Fixed 6 files.
Found 1 error.
Found 1 info.
check ━━━━━━━━━━━━━━━━━━━━━━━━━━━━━━━━━━━━━━━━━━━━━━━━━━━━━━━━━━━━━━━━━━━━━━━━━━━━━━━━━━━━━━━━━━━━━━

  × Some errors were emitted while applying fixes.
  

