============================= test session starts ==============================
platform darwin -- Python 3.13.12, pytest-9.0.3, pluggy-1.6.0
rootdir: /Users/roxor/brain/30-projects/rQuant/.worktrees/cdx-research-sdk
configfile: pyproject.toml
plugins: mock-3.15.1, anyio-4.13.0
collected 20 items / 1 error

==================================== ERRORS ====================================
_________ ERROR collecting tests/unit/test_research_query_executor.py __________
ImportError while importing test module '/Users/roxor/brain/30-projects/rQuant/.worktrees/cdx-research-sdk/tests/unit/test_research_query_executor.py'.
Hint: make sure your test modules/packages have valid Python names.
Traceback:
/Users/roxor/.local/share/uv/python/cpython-3.13.12-macos-aarch64-none/lib/python3.13/importlib/__init__.py:88: in import_module
    return _bootstrap._gcd_import(name[level:], package, level)
           ^^^^^^^^^^^^^^^^^^^^^^^^^^^^^^^^^^^^^^^^^^^^^^^^^^^^
tests/unit/test_research_query_executor.py:12: in <module>
    from test_research_query import _published
E   ModuleNotFoundError: No module named 'test_research_query'
=========================== short test summary info ============================
ERROR tests/unit/test_research_query_executor.py
!!!!!!!!!!!!!!!!!!!! Interrupted: 1 error during collection !!!!!!!!!!!!!!!!!!!!
=============================== 1 error in 0.13s ===============================
