
 RUN  v5.0.2 /Users/roxor/brain/30-projects/rQuant/.worktrees/cdx-research-sdk/web

 ❯ src/pages/query/query.test.tsx (8 tests | 1 failed) 1449ms
   × 切换账号后清除上个账号的 SQL 和名称 92ms

⎯⎯⎯⎯⎯⎯⎯ Failed Tests 1 ⎯⎯⎯⎯⎯⎯⎯

 FAIL  src/pages/query/query.test.tsx > 切换账号后清除上个账号的 SQL 和名称
Error: expect(element).not.toHaveValue(SELECT 'private-editor')

Expected the element not to have value:
  SELECT 'private-editor'
Received:
  SELECT 'private-editor'
 ❯ src/pages/query/query.test.tsx:150:22
    148|   });
    149|   await act(async () => queryClient.setQueryData(META_QUERY_KEY, metaE…
    150|   expect(editor).not.toHaveValue("SELECT 'private-editor'");
       |                      ^
    151|   expect(screen.getByRole("textbox", { name: "查询名称" })).toHaveValue(""…
    152| });

⎯⎯⎯⎯⎯⎯⎯⎯⎯⎯⎯⎯⎯⎯⎯⎯⎯⎯⎯⎯⎯⎯⎯⎯[1/1]⎯


 Test Files  1 failed | 1 passed (2)
      Tests  1 failed | 8 passed (9)
   Start at  03:44:37
   Duration  2.59s (tests 50%, environment 19%, import 17%, setup 8%, transform 7%)

